// Jest Snapshot v1, https://goo.gl/fbAQLP

exports[`Pagination component matches snapshot 1`] = `
<div>
  <div
    class="css-vdprmx"
  >
    <a
      class="chakra-link css-spn4bz"
      href="/?page=1"
    >
      <button
        class="chakra-button css-24iywp"
        type="button"
      >
        Previous Page
      </button>
    </a>
    <a
      class="chakra-link css-spn4bz"
      href="/?page=3"
    >
      <button
        class="chakra-button css-24iywp"
        type="button"
      >
        Next Page
      </button>
    </a>
  </div>
  <span
    hidden=""
    id="__chakra_env"
  />
</div>
`;
