// Jest Snapshot v1, https://goo.gl/fbAQLP

exports[`PeopleList component matches snapshot 1`] = `
<div>
  <div>
    <div
      class="chakra-accordion css-0"
    >
      <div
        class="chakra-accordion__item css-5kkxfh"
      >
        <h2>
          <button
            aria-controls="accordion-panel-:r4:"
            aria-expanded="false"
            class="chakra-accordion__button css-uttm9k"
            data-index="0"
            id="accordion-button-:r4:"
            type="button"
          >
            <span
              class="css-1eziwv"
            >
              <a
                class="chakra-link css-g9rydc"
                href="/people/1"
              >
                Luke Skywalker
              </a>
            </span>
            <svg
              aria-hidden="true"
              class="chakra-icon chakra-accordion__icon css-186l2rg"
              focusable="false"
              viewBox="0 0 24 24"
            >
              <path
                d="M16.59 8.59L12 13.17 7.41 8.59 6 10l6 6 6-6z"
                fill="currentColor"
              />
            </svg>
          </button>
        </h2>
        <div
          class="chakra-collapse"
          style="overflow: hidden; display: none; opacity: 0; height: 0px;"
        >
          <div
            aria-labelledby="accordion-button-:r4:"
            class="chakra-accordion__panel css-1hb5ode"
            id="accordion-panel-:r4:"
            role="region"
          >
            <div>
              <div
                class="chakra-stack css-j7qwjs"
              >
                <div
                  class="css-0"
                >
                  <p
                    class="chakra-text css-wt5l11"
                  >
                    Height - 
                    172
                  </p>
                  <p
                    class="chakra-text css-wt5l11"
                  >
                    Mass - 
                    77
                  </p>
                </div>
                <div
                  class="chakra-stack__divider css-1q5cbl"
                />
                <div
                  class="css-0"
                >
                  <p
                    class="chakra-text css-wt5l11"
                  >
                    Hair Color - 
                    blond
                  </p>
                  <p
                    class="chakra-text css-wt5l11"
                  >
                    Skin Color - 
                    fair
                  </p>
                  <p
                    class="chakra-text css-wt5l11"
                  >
                    Eye Color - 
                    blue
                  </p>
                </div>
                <div
                  class="chakra-stack__divider css-1q5cbl"
                />
                <div
                  class="css-0"
                >
                  <p
                    class="chakra-text css-wt5l11"
                  >
                    Birth Year - 
                    19BBY
                  </p>
                  <p
                    class="chakra-text css-wt5l11"
                  >
                    Gender - 
                    male
                  </p>
                </div>
              </div>
            </div>
          </div>
        </div>
      </div>
    </div>
    <span
      hidden=""
      id="__chakra_env"
    />
  </div>
</div>
`;
